// Jest Snapshot v1, https://goo.gl/fbAQLP

exports[`LocationDetails renders correctly 1`] = `
<DocumentFragment>
  <div
    class="forecast-summary"
    data-testid="forecast-summary"
  >
    <div
      class="forecast-summary_date"
    >
      Thu Jan 01 1970
    </div>
    <div
      class="forecast-summary_icon"
      data-testid="forecast-icon"
    >
      <img
        alt="Weather Icon"
        src="https://openweathermap.org/img/wn/01d@2x.png"
      />
    </div>
    <div
      class="forecast-summary_temperature"
    >
      22Â°C
    </div>
    <div
      class="forecast-summary_description"
    >
      Stub description
    </div>
    <button
      type="button"
    >
      More details
    </button>
  </div>
</DocumentFragment>
`;
